
> temp_app@0.1.0 build
> next build

⚠ Warning: Next.js inferred your workspace root, but it may not be correct.
 We detected multiple lockfiles and selected the directory of /home/divyu/package-lock.json as the root directory.
 To silence this warning, set `turbopack.root` in your Next.js config, or consider removing one of the lockfiles if it's not needed.
   See https://nextjs.org/docs/app/api-reference/config/next-config-js/turbopack#root-directory for more information.
 Detected additional lockfiles: 
   * /home/divyu/Documents/GitHub/p1-PROJECT-1-SaaS-Dashboard-with-Subscriptions-FLAGSHIP-/package-lock.json

▲ Next.js 16.1.6 (Turbopack)
- Environments: .env

  Creating an optimized production build ...
✓ Compiled successfully in 6.0s
  Running TypeScript ...
  Collecting page data using 17 workers ...
prisma:warn In production, we recommend using `prisma generate --no-engine` (See: `prisma generate --help`)
prisma:warn In production, we recommend using `prisma generate --no-engine` (See: `prisma generate --help`)
prisma:warn In production, we recommend using `prisma generate --no-engine` (See: `prisma generate --help`)
prisma:warn In production, we recommend using `prisma generate --no-engine` (See: `prisma generate --help`)
prisma:warn In production, we recommend using `prisma generate --no-engine` (See: `prisma generate --help`)
prisma:warn In production, we recommend using `prisma generate --no-engine` (See: `prisma generate --help`)
prisma:warn In production, we recommend using `prisma generate --no-engine` (See: `prisma generate --help`)
prisma:warn In production, we recommend using `prisma generate --no-engine` (See: `prisma generate --help`)
prisma:warn In production, we recommend using `prisma generate --no-engine` (See: `prisma generate --help`)
prisma:warn In production, we recommend using `prisma generate --no-engine` (See: `prisma generate --help`)
prisma:warn In production, we recommend using `prisma generate --no-engine` (See: `prisma generate --help`)
prisma:warn In production, we recommend using `prisma generate --no-engine` (See: `prisma generate --help`)
prisma:warn In production, we recommend using `prisma generate --no-engine` (See: `prisma generate --help`)
prisma:warn In production, we recommend using `prisma generate --no-engine` (See: `prisma generate --help`)
  Generating static pages using 17 workers (0/13) ...
  Generating static pages using 17 workers (3/13) 
  Generating static pages using 17 workers (6/13) 
  Generating static pages using 17 workers (9/13) 
✓ Generating static pages using 17 workers (13/13) in 281.0ms
  Finalizing page optimization ...

Route (app)
┌ ƒ /
├ ○ /_not-found
├ ƒ /api/analytics
├ ƒ /api/projects
├ ƒ /api/projects/[projectId]
├ ƒ /api/projects/[projectId]/invite
├ ƒ /api/projects/[projectId]/members
├ ƒ /api/projects/[projectId]/tasks
├ ƒ /api/stripe/checkout
├ ƒ /api/stripe/webhook
├ ƒ /api/tasks/[taskId]
├ ƒ /dashboard
├ ƒ /dashboard/analytics
├ ƒ /dashboard/projects
├ ƒ /dashboard/projects/[projectId]
├ ƒ /dashboard/projects/[projectId]/settings
├ ƒ /dashboard/projects/new
├ ƒ /dashboard/settings
└ ƒ /invite/[token]


○  (Static)   prerendered as static content
ƒ  (Dynamic)  server-rendered on demand

